$ git clone https://github.com/tonychacon/blink 
Cloning into 'blink'...
remote: Counting objects: 23, done.
remote: Compressing objects: 100% (14/14), done.
remote: Total 23 (delta 8), reused 23 (delta 8)
Unpacking objects: 100% (23/23), done.
Checking connectivity... done.

$cd blink
$ git checkout -b slow-blink
Switched to a new branch 'slow-blink'

$ sed -i '' 's/1000/3000/' blink.ino

$ git diff --word-diff
diff --git a/blink.ino b/blink.ino
index 15b9911..a6cc5a5 100644
--- a/blink.ino
+++ b/blink.ino
@@ -18,7 +18,7 @@ void setup() {
// the loop routine runs over and over again forever:
void loop() {
  digitalWrite(led, HIGH);   // turn the LED on (HIGH is the voltage level)
  [-delay(1000);-]{+delay(3000);+}               // wait for a second
  digitalWrite(led, LOW);    // turn the LED off by making the voltage LOW
  [-delay(1000);-]{+delay(3000);+}               // wait for a second
}

$ git commit -a -m 'three seconds is better'
warning: LF will be replaced by CRLF in blink.ino.
The file will have its original line endings in your working directory.
[slow-blink warning: LF will be replaced by CRLF in blink.ino.
The file will have its original line endings in your working directory.
11de30f] three seconds is better
warning: LF will be replaced by CRLF in blink.ino.
The file will have its original line endings in your working directory.
 1 file changed, 2 insertions(+), 2 deletions(-)

$ git remote add upstream https://github.com/schacon/blink 1

$ git fetch upstream 2
remote: Counting objects: 3, done.
remote: Compressing objects: 100% (3/3), done.
Unpacking objects: 100% (3/3), done.
remote: Total 3 (delta 0), reused 0 (delta 0)
From https://github.com/schacon/blink
 * [new branch]      master     -> upstream/master

$ git merge upstream/master 3
Auto-merging blink.ino
CONFLICT (content): Merge conflict in blink.ino
Automatic merge failed; fix conflicts and then commit the result.

$ vim blink.ino 4
$ git add blink.ino
$ git commit
[slow-blink 3c8d735] Merge remote-tracking branch 'upstream/master' \
    into slower-blink

$ git push origin slow-blink 5
Counting objects: 6, done.
Delta compression using up to 8 threads.
Compressing objects: 100% (6/6), done.
Writing objects: 100% (6/6), 682 bytes | 0 bytes/s, done.
Total 6 (delta 2), reused 0 (delta 0)
To https://github.com/tonychacon/blink
   ef4725c..3c8d735  slower-blink -> slow-blink